📋 Clipboard input (Linux) detected and loaded.
📋 Clipboard input (Linux) detected and loaded.
🚦 Running in COMMIT mode.
🔎 No @bibtex block markers found — assuming entire input is raw BibTeX.

✅ Parsed citekey: Garcia2023AlgorithmicBiasAndThe
✅ Zotero upload successful (Key: NCQFN2DF)
{
  "id": "Garcia2023AlgorithmicBiasAndThe",
  "type": "article",
  "title": "Algorithmic Bias and the Pursuit of Justice in Automated Systems",
  "author": [
    {
      "family": "Garcia",
      "given": "Maria"
    },
    {
      "family": "Lee",
      "given": "Anthony"
    }
  ],
  "issued": {
    "date-parts": [
      [
        2023
      ]
    ]
  },
  "container-title": "",
  "publisher": "",
  "DOI": ""
}
